rows {
  impressions: 26
  reach: 14
}
rows {
  attrs {
    demo {
      gender: GENDER_FEMALE
      age {
        min_age: 25
        max_age: 34
      }
    }
  }
  impressions: 4
  reach: 2
}
rows {
  attrs {
    demo {
      gender: GENDER_FEMALE
      age {
        min_age: 35
        max_age: 99
      }
    }
  }
  impressions: 4
  reach: 2
}
rows {
  attrs {
    demo {
      gender: GENDER_MALE
      age {
        min_age: 18
        max_age: 24
      }
    }
  }
  impressions: 4
  reach: 2
}
rows {
  attrs {
    demo {
      gender: GENDER_MALE
      age {
        min_age: 35
        max_age: 99
      }
    }
  }
  impressions: 4
  reach: 2
}
rows {
  attrs {
    demo {
      gender: GENDER_MALE
      age {
        min_age: 25
        max_age: 34
      }
    }
  }
  impressions: 4
  reach: 2
}
rows {
  attrs {
    demo {
      gender: GENDER_FEMALE
      age {
        min_age: 18
        max_age: 24
      }
    }
  }
  impressions: 4
  reach: 2
}
