outputs {
  people {
    virtual_person_id: 14000007572
  }
}
outputs {
  people {
    virtual_person_id: 6000002263
  }
}
outputs {
  people {
    virtual_person_id: 11000076607
    label {
      demo {
        gender: GENDER_FEMALE
        age {
          min_age: 18
          max_age: 24
        }
      }
    }
  }
}
outputs {
  people {
    virtual_person_id: 12000076607
    label {
      demo {
        gender: GENDER_FEMALE
        age {
          min_age: 25
          max_age: 34
        }
      }
    }
  }
}
outputs {
  people {
    virtual_person_id: 13000086766
    label {
      demo {
        gender: GENDER_FEMALE
        age {
          min_age: 35
          max_age: 99
        }
      }
    }
  }
}
outputs {
  people {
    virtual_person_id: 14000086766
    label {
      demo {
        gender: GENDER_MALE
        age {
          min_age: 18
          max_age: 24
        }
      }
    }
  }
}
outputs {
  people {
    virtual_person_id: 15000066448
    label {
      demo {
        gender: GENDER_MALE
        age {
          min_age: 25
          max_age: 34
        }
      }
    }
  }
}
outputs {
  people {
    virtual_person_id: 16000066448
    label {
      demo {
        gender: GENDER_MALE
        age {
          min_age: 35
          max_age: 99
        }
      }
    }
  }
}
outputs {
  people {
    virtual_person_id: 11000076607
    label {
      demo {
        gender: GENDER_FEMALE
        age {
          min_age: 18
          max_age: 24
        }
      }
    }
  }
}
outputs {
  people {
    virtual_person_id: 12000076607
    label {
      demo {
        gender: GENDER_FEMALE
        age {
          min_age: 25
          max_age: 34
        }
      }
    }
  }
}
outputs {
  people {
    virtual_person_id: 13000086766
    label {
      demo {
        gender: GENDER_FEMALE
        age {
          min_age: 35
          max_age: 99
        }
      }
    }
  }
}
outputs {
  people {
    virtual_person_id: 14000086766
    label {
      demo {
        gender: GENDER_MALE
        age {
          min_age: 18
          max_age: 24
        }
      }
    }
  }
}
outputs {
  people {
    virtual_person_id: 15000066448
    label {
      demo {
        gender: GENDER_MALE
        age {
          min_age: 25
          max_age: 34
        }
      }
    }
  }
}
outputs {
  people {
    virtual_person_id: 16000066448
    label {
      demo {
        gender: GENDER_MALE
        age {
          min_age: 35
          max_age: 99
        }
      }
    }
  }
}
outputs {
  people {
    virtual_person_id: 1000006580
    label {
      demo {
        gender: GENDER_FEMALE
        age {
          min_age: 18
          max_age: 24
        }
      }
    }
  }
}
outputs {
  people {
    virtual_person_id: 2000010522
    label {
      demo {
        gender: GENDER_FEMALE
        age {
          min_age: 25
          max_age: 34
        }
      }
    }
  }
}
outputs {
  people {
    virtual_person_id: 3000012554
    label {
      demo {
        gender: GENDER_FEMALE
        age {
          min_age: 35
          max_age: 99
        }
      }
    }
  }
}
outputs {
  people {
    virtual_person_id: 4000014586
    label {
      demo {
        gender: GENDER_MALE
        age {
          min_age: 18
          max_age: 24
        }
      }
    }
  }
}
outputs {
  people {
    virtual_person_id: 5000016617
    label {
      demo {
        gender: GENDER_MALE
        age {
          min_age: 25
          max_age: 34
        }
      }
    }
  }
}
outputs {
  people {
    virtual_person_id: 6000018649
    label {
      demo {
        gender: GENDER_MALE
        age {
          min_age: 35
          max_age: 99
        }
      }
    }
  }
}
outputs {
  people {
    virtual_person_id: 1000006580
    label {
      demo {
        gender: GENDER_FEMALE
        age {
          min_age: 18
          max_age: 24
        }
      }
    }
  }
}
outputs {
  people {
    virtual_person_id: 2000010522
    label {
      demo {
        gender: GENDER_FEMALE
        age {
          min_age: 25
          max_age: 34
        }
      }
    }
  }
}
outputs {
  people {
    virtual_person_id: 3000012554
    label {
      demo {
        gender: GENDER_FEMALE
        age {
          min_age: 35
          max_age: 99
        }
      }
    }
  }
}
outputs {
  people {
    virtual_person_id: 4000014586
    label {
      demo {
        gender: GENDER_MALE
        age {
          min_age: 18
          max_age: 24
        }
      }
    }
  }
}
outputs {
  people {
    virtual_person_id: 5000016617
    label {
      demo {
        gender: GENDER_MALE
        age {
          min_age: 25
          max_age: 34
        }
      }
    }
  }
}
outputs {
  people {
    virtual_person_id: 6000018649
    label {
      demo {
        gender: GENDER_MALE
        age {
          min_age: 35
          max_age: 99
        }
      }
    }
  }
}
